// Jest Snapshot v1, https://goo.gl/fbAQLP

exports[`MovieForm.test.js renders without crashing 1`] = `
<form>
  <h1>
    Add
  </h1>
  <Field
    component={[Function]}
    label="Name"
    name="name"
    placeholder="Name of the movie"
    type="text"
  />
  <Field
    component={[Function]}
    label="Price"
    name="price"
    placeholder="Price of the movie"
    type="text"
  />
  <div>
    <button
      className="btn btn-primary"
      disabled={false}
      type="submit"
    >
      <i
        aria-hidden="true"
        className="fa fa-paper-plane-o"
      />
       Submit
    </button>
    <button
      className="btn btn-default btn-space"
      disabled={true}
      onClick={[MockFunction]}
      type="button"
    >
      Reset
    </button>
    <button
      className="btn btn-default btn-space"
      onClick={[MockFunction]}
      type="button"
    >
      Cancel
    </button>
  </div>
</form>
`;
